 time has been changed successfuly 27-09-25_Sat-Sep-25_04:28:31-PM  
 time has been changed successfuly 27-09-25_Sat-Sep-25_04:29:34-PM  
 time has been changed successfuly 28-09-25_Sun-Sep-25_12:19:03-AM  
 time has been changed successfuly 28-09-25_Sun-Sep-25_12:19:46-AM  
 time has been changed successfuly 28-09-25_Sun-Sep-25_12:20:04-AM  
 time has been changed successfuly 28-09-25_Sun-Sep-25_12:20:49-AM  
 time has been changed successfuly 28-09-25_Sun-Sep-25_12:20:55-AM  
 time has been changed successfuly 19-11-25_Wed-Nov-25_12:17:45-AM  
 time has been changed successfuly 22-11-25_Sat-Nov-25_08:58:38-PM  
 time has been changed successfuly 27-12-25_Sat-Dec-25_06:48:33-PM  
 time has been changed successfuly 01-01-26_Thu-Jan-26_08:31:37-PM  
 time has been changed successfuly 01-01-26_Thu-Jan-26_08:32:15-PM  
 time has been changed successfuly 01-01-26_Thu-Jan-26_08:32:46-PM  
 time has been changed successfuly 17-01-26_Sat-Jan-26_02:47:05-PM  
 time has been changed successfuly 17-01-26_Sat-Jan-26_03:50:49-PM  
 time has been changed successfuly 17-01-26_Sat-Jan-26_09:22:41-PM  
 time has been changed successfuly 17-01-26_Sat-Jan-26_11:05:31-PM  
 time has been changed successfuly 17-01-26_Sat-Jan-26_11:17:44-PM  
 time has been changed successfuly 17-01-26_Sat-Jan-26_11:20:09-PM  
 time has been changed successfuly 17-01-26_Sat-Jan-26_11:29:57-PM  
 time has been changed successfuly 18-01-26_Sun-Jan-26_02:36:01-PM  
 time has been changed successfuly 18-01-26_Sun-Jan-26_02:37:46-PM  
 time has been changed successfuly 18-01-26_Sun-Jan-26_02:55:11-PM  
 time has been changed successfuly 18-01-26_Sun-Jan-26_02:56:13-PM  
 time has been changed successfuly 18-01-26_Sun-Jan-26_03:05:37-PM  
 time has been changed successfuly 18-01-26_Sun-Jan-26_08:53:32-PM  
 time has been changed successfuly 19-01-26_Mon-Jan-26_12:23:51-AM  
 time has been changed successfuly 19-01-26_Mon-Jan-26_01:30:32-AM  
 time has been changed successfuly 19-01-26_Mon-Jan-26_02:18:39-AM  
 time has been changed successfuly 19-01-26_Mon-Jan-26_12:45:52-PM  
 time has been changed successfuly 19-01-26_Mon-Jan-26_12:51:55-PM  
 time has been changed successfuly 19-01-26_Mon-Jan-26_01:18:35-PM  
 time has been changed successfuly 19-01-26_Mon-Jan-26_01:20:56-PM  
 time has been changed successfuly 19-01-26_Mon-Jan-26_01:27:50-PM  
 time has been changed successfuly 19-01-26_Mon-Jan-26_01:28:43-PM  
 time has been changed successfuly 19-01-26_Mon-Jan-26_01:29:41-PM  
 time has been changed successfuly 19-01-26_Mon-Jan-26_01:29:53-PM  
 time has been changed successfuly 19-01-26_Mon-Jan-26_01:30:18-PM  
 time has been changed successfuly 19-01-26_Mon-Jan-26_01:33:54-PM  
 time has been changed successfuly 19-01-26_Mon-Jan-26_01:34:09-PM  
 time has been changed successfuly 19-01-26_Mon-Jan-26_01:34:28-PM  
 time has been changed successfuly 19-01-26_Mon-Jan-26_01:40:00-PM  
 time has been changed successfuly 19-01-26_Mon-Jan-26_01:42:01-PM  
 time has been changed successfuly 19-01-26_Mon-Jan-26_01:49:54-PM  
 time has been changed successfuly 19-01-26_Mon-Jan-26_02:01:50-PM  
 time has been changed successfuly 19-01-26_Mon-Jan-26_02:28:44-PM  
 time has been changed successfuly 19-01-26_Mon-Jan-26_02:31:49-PM  
 time has been changed successfuly 19-01-26_Mon-Jan-26_02:36:15-PM  
 time has been changed successfuly 19-01-26_Mon-Jan-26_02:38:26-PM  
 time has been changed successfuly 19-01-26_Mon-Jan-26_02:47:34-PM  
 time has been changed successfuly 19-01-26_Mon-Jan-26_02:53:46-PM  
 time has been changed successfuly 19-01-26_Mon-Jan-26_02:54:24-PM  
 time has been changed successfuly 19-01-26_Mon-Jan-26_03:06:29-PM  
 time has been changed successfuly 19-01-26_Mon-Jan-26_03:14:49-PM  
 time has been changed successfuly 19-01-26_Mon-Jan-26_04:29:53-PM  
 time has been changed successfuly 19-01-26_Mon-Jan-26_04:37:37-PM  
 time has been changed successfuly 19-01-26_Mon-Jan-26_04:44:39-PM  
 time has been changed successfuly 19-01-26_Mon-Jan-26_04:53:08-PM  
 time has been changed successfuly 19-01-26_Mon-Jan-26_04:55:17-PM  
 time has been changed successfuly 19-01-26_Mon-Jan-26_05:04:24-PM  
 time has been changed successfuly 19-01-26_Mon-Jan-26_05:34:11-PM  
 time has been changed successfuly 19-01-26_Mon-Jan-26_10:50:32-PM  
 time has been changed successfuly 19-01-26_Mon-Jan-26_10:52:47-PM  
 time has been changed successfuly 19-01-26_Mon-Jan-26_10:53:19-PM  
 time has been changed successfuly 19-01-26_Mon-Jan-26_10:54:39-PM  
 time has been changed successfuly 19-01-26_Mon-Jan-26_11:09:11-PM  
 time has been changed successfuly 19-01-26_Mon-Jan-26_11:11:36-PM  
 time has been changed successfuly 19-01-26_Mon-Jan-26_11:13:41-PM  
 time has been changed successfuly 19-01-26_Mon-Jan-26_11:20:05-PM  
 time has been changed successfuly 20-01-26_Tue-Jan-26_12:45:26-AM  
 time has been changed successfuly 20-01-26_Tue-Jan-26_12:45:36-AM  
 time has been changed successfuly 20-01-26_Tue-Jan-26_12:45:46-AM  
 time has been changed successfuly 20-01-26_Tue-Jan-26_12:46:37-AM  
 time has been changed successfuly 20-01-26_Tue-Jan-26_12:51:52-AM  
 time has been changed successfuly 20-01-26_Tue-Jan-26_12:59:10-AM  
 time has been changed successfuly 20-01-26_Tue-Jan-26_01:02:22-AM  
 time has been changed successfuly 20-01-26_Tue-Jan-26_01:02:32-AM  
 time has been changed successfuly 20-01-26_Tue-Jan-26_01:12:07-AM  
 time has been changed successfuly 20-01-26_Tue-Jan-26_01:12:16-AM  
 time has been changed successfuly 20-01-26_Tue-Jan-26_01:13:03-AM  
 time has been changed successfuly 20-01-26_Tue-Jan-26_01:15:05-AM  
 time has been changed successfuly 20-01-26_Tue-Jan-26_01:20:23-AM  
 time has been changed successfuly 20-01-26_Tue-Jan-26_01:34:15-AM  
 time has been changed successfuly 20-01-26_Tue-Jan-26_01:34:21-AM  
 time has been changed successfuly 20-01-26_Tue-Jan-26_01:36:01-AM  
 time has been changed successfuly 20-01-26_Tue-Jan-26_01:36:43-AM  
 time has been changed successfuly 20-01-26_Tue-Jan-26_01:38:54-AM  
 time has been changed successfuly 20-01-26_Tue-Jan-26_01:39:03-AM  
 time has been changed successfuly 20-01-26_Tue-Jan-26_01:39:17-AM  
 time has been changed successfuly 20-01-26_Tue-Jan-26_01:44:30-AM  
 time has been changed successfuly 20-01-26_Tue-Jan-26_01:44:39-AM  
 time has been changed successfuly 20-01-26_Tue-Jan-26_01:48:22-AM  
 time has been changed successfuly 20-01-26_Tue-Jan-26_01:52:09-AM  
 time has been changed successfuly 20-01-26_Tue-Jan-26_01:52:19-AM  
 time has been changed successfuly 20-01-26_Tue-Jan-26_01:52:29-AM  
 time has been changed successfuly 20-01-26_Tue-Jan-26_01:54:33-AM  
 time has been changed successfuly 20-01-26_Tue-Jan-26_01:59:33-AM  
 time has been changed successfuly 20-01-26_Tue-Jan-26_01:59:41-AM  
 time has been changed successfuly 20-01-26_Tue-Jan-26_01:59:51-AM  
 time has been changed successfuly 20-01-26_Tue-Jan-26_02:01:01-AM  
 time has been changed successfuly 20-01-26_Tue-Jan-26_02:23:09-AM  
 time has been changed successfuly 20-01-26_Tue-Jan-26_02:25:27-AM  
 time has been changed successfuly 20-01-26_Tue-Jan-26_02:29:58-AM  
 time has been changed successfuly 20-01-26_Tue-Jan-26_02:40:39-AM  
 time has been changed successfuly 20-01-26_Tue-Jan-26_02:57:47-AM  
 time has been changed successfuly 20-01-26_Tue-Jan-26_03:03:25-AM  
 time has been changed successfuly 20-01-26_Tue-Jan-26_03:07:06-AM  
 time has been changed successfuly 20-01-26_Tue-Jan-26_03:09:52-AM  
 time has been changed successfuly 20-01-26_Tue-Jan-26_03:12:45-AM  
 time has been changed successfuly 20-01-26_Tue-Jan-26_03:16:34-AM  
 time has been changed successfuly 20-01-26_Tue-Jan-26_03:18:55-AM  
 time has been changed successfuly 20-01-26_Tue-Jan-26_03:28:25-AM  
 time has been changed successfuly 20-01-26_Tue-Jan-26_03:28:36-AM  
 time has been changed successfuly 20-01-26_Tue-Jan-26_03:28:46-AM  
 time has been changed successfuly 20-01-26_Tue-Jan-26_03:29:31-AM  
 time has been changed successfuly 20-01-26_Tue-Jan-26_03:32:18-AM  
 time has been changed successfuly 20-01-26_Tue-Jan-26_03:37:02-AM  
 time has been changed successfuly 20-01-26_Tue-Jan-26_03:37:44-AM  
 time has been changed successfuly 20-01-26_Tue-Jan-26_03:51:46-AM  
 time has been changed successfuly 20-01-26_Tue-Jan-26_03:55:14-AM  
 time has been changed successfuly 20-01-26_Tue-Jan-26_04:45:07-PM  
 time has been changed successfuly 20-01-26_Tue-Jan-26_05:35:25-PM  
 time has been changed successfuly 20-01-26_Tue-Jan-26_06:10:58-PM  
 time has been changed successfuly 20-01-26_Tue-Jan-26_06:39:56-PM  
 time has been changed successfuly 20-01-26_Tue-Jan-26_09:46:44-PM  
 time has been changed successfuly 20-01-26_Tue-Jan-26_10:49:50-PM  
 time has been changed successfuly 21-01-26_Wed-Jan-26_12:59:40-AM  
 time has been changed successfuly 21-01-26_Wed-Jan-26_12:59:48-AM  
 time has been changed successfuly 21-01-26_Wed-Jan-26_01:00:19-AM  
 time has been changed successfuly 21-01-26_Wed-Jan-26_01:00:54-AM  
 time has been changed successfuly 21-01-26_Wed-Jan-26_01:01:19-AM  
 time has been changed successfuly 21-01-26_Wed-Jan-26_01:02:15-AM  
 time has been changed successfuly 21-01-26_Wed-Jan-26_01:02:36-AM  
 time has been changed successfuly 21-01-26_Wed-Jan-26_01:07:12-AM  
 time has been changed successfuly 21-01-26_Wed-Jan-26_01:09:18-AM  
 time has been changed successfuly 21-01-26_Wed-Jan-26_01:09:29-AM  
 time has been changed successfuly 21-01-26_Wed-Jan-26_01:28:52-AM  
 time has been changed successfuly 21-01-26_Wed-Jan-26_01:42:28-AM  
 time has been changed successfuly 21-01-26_Wed-Jan-26_02:02:18-AM  
 time has been changed successfuly 21-01-26_Wed-Jan-26_02:05:18-AM  
 time has been changed successfuly 21-01-26_Wed-Jan-26_02:12:05-AM  
 time has been changed successfuly 21-01-26_Wed-Jan-26_02:20:04-AM  
 time has been changed successfuly 21-01-26_Wed-Jan-26_02:24:46-AM  
 time has been changed successfuly 21-01-26_Wed-Jan-26_02:25:08-AM  
 time has been changed successfuly 21-01-26_Wed-Jan-26_02:42:59-AM  
 time has been changed successfuly 21-01-26_Wed-Jan-26_02:51:47-AM  
 time has been changed successfuly 21-01-26_Wed-Jan-26_02:56:27-AM  
 time has been changed successfuly 21-01-26_Wed-Jan-26_03:01:00-AM  
 time has been changed successfuly 21-01-26_Wed-Jan-26_03:05:00-AM  
 time has been changed successfuly 21-01-26_Wed-Jan-26_03:06:48-AM  
 time has been changed successfuly 21-01-26_Wed-Jan-26_03:07:17-AM  
 time has been changed successfuly 21-01-26_Wed-Jan-26_03:08:32-AM  
 time has been changed successfuly 21-01-26_Wed-Jan-26_03:09:01-AM  
 time has been changed successfuly 21-01-26_Wed-Jan-26_03:09:28-AM  
 time has been changed successfuly 21-01-26_Wed-Jan-26_03:12:02-AM  
 time has been changed successfuly 21-01-26_Wed-Jan-26_03:22:28-AM  
 time has been changed successfuly 21-01-26_Wed-Jan-26_03:23:24-AM  
 time has been changed successfuly 21-01-26_Wed-Jan-26_04:48:22-AM  
 time has been changed successfuly 21-01-26_Wed-Jan-26_04:49:08-AM  
 time has been changed successfuly 21-01-26_Wed-Jan-26_04:54:55-AM  
 time has been changed successfuly 21-01-26_Wed-Jan-26_04:56:09-AM  
 time has been changed successfuly 21-01-26_Wed-Jan-26_05:00:08-AM  
 time has been changed successfuly 21-01-26_Wed-Jan-26_05:01:04-AM  
 time has been changed successfuly 21-01-26_Wed-Jan-26_05:04:19-AM  
 time has been changed successfuly 21-01-26_Wed-Jan-26_05:30:35-AM  
 time has been changed successfuly 21-01-26_Wed-Jan-26_05:53:06-AM  
 time has been changed successfuly 21-01-26_Wed-Jan-26_05:54:11-AM  
 time has been changed successfuly 21-01-26_Wed-Jan-26_05:56:00-AM  
 time has been changed successfuly 21-01-26_Wed-Jan-26_05:56:50-AM  
 time has been changed successfuly 21-01-26_Wed-Jan-26_05:57:21-AM  
 time has been changed successfuly 21-01-26_Wed-Jan-26_05:58:12-AM  
 time has been changed successfuly 21-01-26_Wed-Jan-26_06:00:38-AM  
 time has been changed successfuly 21-01-26_Wed-Jan-26_09:44:32-PM  
 time has been changed successfuly 04-02-26_Wed-Feb-26_06:40:59-PM  
 time has been changed successfuly 04-02-26_Wed-Feb-26_08:19:46-PM  
 time has been changed successfuly 04-02-26_Wed-Feb-26_08:26:03-PM  
 time has been changed successfuly 04-02-26_Wed-Feb-26_08:37:38-PM  
 time has been changed successfuly 04-02-26_Wed-Feb-26_08:41:37-PM  
 time has been changed successfuly 04-02-26_Wed-Feb-26_10:26:30-PM  
 time has been changed successfuly 05-02-26_Thu-Feb-26_04:45:18-AM  
 time has been changed successfuly 06-02-26_Fri-Feb-26_12:29:00-AM  
 time has been changed successfuly 06-02-26_Fri-Feb-26_02:58:37-AM  
 time has been changed successfuly 06-02-26_Fri-Feb-26_03:17:54-AM  
 time has been changed successfuly 06-02-26_Fri-Feb-26_03:39:46-AM  
 time has been changed successfuly 06-02-26_Fri-Feb-26_03:48:44-AM  
 time has been changed successfuly 06-02-26_Fri-Feb-26_03:55:01-AM  
 time has been changed successfuly 06-02-26_Fri-Feb-26_03:56:44-AM  
 time has been changed successfuly 06-02-26_Fri-Feb-26_03:58:27-AM  
 time has been changed successfuly 06-02-26_Fri-Feb-26_05:48:38-AM  
 time has been changed successfuly 06-02-26_Fri-Feb-26_08:49:32-PM  
 time has been changed successfuly 06-02-26_Fri-Feb-26_08:53:15-PM  
 time has been changed successfuly 07-02-26_Sat-Feb-26_12:02:47-AM  
 time has been changed successfuly 19-02-26_Thu-Feb-26_10:44:21-AM  
 time has been changed successfuly 19-02-26_Thu-Feb-26_11:32:42-AM  
 time has been changed successfuly 19-02-26_Thu-Feb-26_11:44:50-AM  
 time has been changed successfuly 19-02-26_Thu-Feb-26_11:45:08-AM  
 time has been changed successfuly 19-02-26_Thu-Feb-26_11:47:34-AM  
 time has been changed successfuly 19-02-26_Thu-Feb-26_12:40:32-PM  
 time has been changed successfuly 19-02-26_Thu-Feb-26_12:42:15-PM  
 time has been changed successfuly 19-02-26_Thu-Feb-26_12:43:13-PM  
 time has been changed successfuly 19-02-26_Thu-Feb-26_12:47:49-PM  
 time has been changed successfuly 19-02-26_Thu-Feb-26_12:48:05-PM  
 time has been changed successfuly 19-02-26_Thu-Feb-26_12:55:56-PM  
 time has been changed successfuly 2026-03-07 03:28:22 PM Sat-Mar-26  
 time has been changed successfuly 2026-03-07 03:29:16 PM Sat-Mar-26  
 time has been changed successfuly 2026-03-07 03:32:25 PM Sat-Mar-26  
 time has been changed successfuly 2026-03-07 09:30:59 PM Sat-Mar-26  
 time has been changed successfuly 2010-01-01 02:12:36 AM Fri-Jan-10  
 time has been changed successfuly 2010-01-01 02:12:51 AM Fri-Jan-10  
 time has been changed successfuly 2010-01-01 02:13:06 AM Fri-Jan-10  
 time has been changed successfuly 2026-04-27 02:14:02 AM Mon-Apr-26  
 time has been changed successfuly 2026-05-14 12:36:19 PM Thu-May-26  
 time has been changed successfuly 2026-05-28 04:00:20 PM Thu-May-26  
 time has been changed successfuly 2026-05-28 04:00:36 PM Thu-May-26  
 time has been changed successfuly 2026-05-28 04:00:45 PM Thu-May-26  
 time has been changed successfuly 2026-05-28 04:50:03 PM Thu-May-26  
 time has been changed successfuly 2026-05-29 12:50:06 PM Fri-May-26  
 time has been changed successfuly 2026-05-29 06:00:05 PM Fri-May-26  
 time has been changed successfuly 2026-06-01 01:00:06 AM Mon-Jun-26  
